Statement for BigCo
  As You Like It: $740.00 (55 seats)
Amount owed is $740.00
You earned 36 credits
